exports[`test should match the snapshot 1`] = `
<div
  className="photo">
  <a
    href="https://www.flickr.com/photos/21668212@N02/25277702294">
    <img
      alt="alpagas at sajama"
      src="https://farm2.staticflickr.com/1658/25277702294_3514fc66de.jpg" />
    <div>
      Taken on: 
      April 1, 2015
    </div>
  </a>
</div>
`;
