exports[`test should match the snapshot 1`] = `
<select
  className="form-control"
  onChange={[Function]}
  required={true}>
  <option
    value="">
    Year
  </option>
  <option
    value={2010}>
    2010
  </option>
  <option
    value={2011}>
    2011
  </option>
  <option
    value={2012}>
    2012
  </option>
  <option
    value={2013}>
    2013
  </option>
  <option
    value={2014}>
    2014
  </option>
  <option
    value={2015}>
    2015
  </option>
  <option
    value={2016}>
    2016
  </option>
  <option
    value={2017}>
    2017
  </option>
</select>
`;
